Nothing to build in platform 'design_1_wrapper'

17:36:46 **** Build of configuration Debug for project hello_world ****
make all 
make --no-print-directory pre-build
a9-linaro-pre-build-step
' '
make --no-print-directory main-build
'Building file: ../src/helloworld.c'
'Invoking: ARM v7 gcc compiler'
arm-none-eabi-gcc -Wall -O0 -g3 -c -fmessage-length=0 -MT"src/helloworld.o" -mcpu=cortex-a9 -mfpu=vfpv3 -mfloat-abi=hard -IC:/Users/pala8831/Documents/fpga_multiplexing/hello_world_project/design_1_wrapper/export/design_1_wrapper/sw/design_1_wrapper/standalone_ps7_cortexa9_0/bspinclude/include -MMD -MP -MF"src/helloworld.d" -MT"src/helloworld.o" -o "src/helloworld.o" "../src/helloworld.c"
'Finished building: ../src/helloworld.c'
' '
'Building file: ../src/platform.c'
'Invoking: ARM v7 gcc compiler'
arm-none-eabi-gcc -Wall -O0 -g3 -c -fmessage-length=0 -MT"src/platform.o" -mcpu=cortex-a9 -mfpu=vfpv3 -mfloat-abi=hard -IC:/Users/pala8831/Documents/fpga_multiplexing/hello_world_project/design_1_wrapper/export/design_1_wrapper/sw/design_1_wrapper/standalone_ps7_cortexa9_0/bspinclude/include -MMD -MP -MF"src/platform.d" -MT"src/platform.o" -o "src/platform.o" "../src/platform.c"
'Finished building: ../src/platform.c'
' '
'Building target: hello_world.elf'
'Invoking: ARM v7 gcc linker'
arm-none-eabi-gcc -mcpu=cortex-a9 -mfpu=vfpv3 -mfloat-abi=hard -Wl,-build-id=none -specs=Xilinx.spec -Wl,-T -Wl,../src/lscript.ld -LC:/Users/pala8831/Documents/fpga_multiplexing/hello_world_project/design_1_wrapper/export/design_1_wrapper/sw/design_1_wrapper/standalone_ps7_cortexa9_0/bsplib/lib -o "hello_world.elf"  ./src/helloworld.o ./src/platform.o   -Wl,--start-group,-lxil,-lgcc,-lc,--end-group
'Finished building target: hello_world.elf'
' '
'Invoking: ARM v7 Print Size'
arm-none-eabi-size hello_world.elf  |tee "hello_world.elf.size"
   text	   data	    bss	    dec	    hex	filename
  19064	   1144	  22568	  42776	   a718	hello_world.elf
'Finished building: hello_world.elf.size'
' '
17:36:49 **** Build of configuration Debug for project hello_world_system ****
make all 
Generating bif file for the system project
generate_system_bif.bat 62961 C:/Users/pala8831/Documents/fpga_multiplexing/hello_world_project/design_1_wrapper/export/design_1_wrapper/design_1_wrapper.xpfm standalone_ps7_cortexa9_0 C:/Users/pala8831/Documents/fpga_multiplexing/hello_world_project/hello_world_system/Debug/system.bif
sdcard_gen --xpfm C:/Users/pala8831/Documents/fpga_multiplexing/hello_world_project/design_1_wrapper/export/design_1_wrapper/design_1_wrapper.xpfm --sys_config design_1_wrapper --bif C:/Users/pala8831/Documents/fpga_multiplexing/hello_world_project/hello_world_system/Debug/system.bif --bitstream C:/Users/pala8831/Documents/fpga_multiplexing/hello_world_project/hello_world/_ide/bitstream/design_1_wrapper.bit --elf C:/Users/pala8831/Documents/fpga_multiplexing/hello_world_project/hello_world/Debug/hello_world.elf,ps7_cortexa9_0
creating BOOT.BIN using C:/Users/pala8831/Documents/fpga_multiplexing/hello_world_project/hello_world/_ide/bitstream/design_1_wrapper.bit
Running C:/Xilinx/Vitis/2020.2/bin/bootgen  -image C:/Users/pala8831/Documents/fpga_multiplexing/hello_world_project/hello_world_system/Debug/sd_card_temp/boot.bif -w -o i BOOT.BIN
