17:05:19 **** Build of configuration Debug for project hellowordinfinity ****
make all 
make --no-print-directory pre-build
a9-linaro-pre-build-step
' '
make --no-print-directory main-build
'Building file: ../src/helloworld.c'
'Invoking: ARM v7 gcc compiler'
arm-none-eabi-gcc -Wall -O0 -g3 -c -fmessage-length=0 -MT"src/helloworld.o" -mcpu=cortex-a9 -mfpu=vfpv3 -mfloat-abi=hard -IC:/Users/pala8831/Documents/fpga_multiplexing/zturn_base_project/vitis_project_platform/export/vitis_project_platform/sw/vitis_project_platform/standalone_domain/bspinclude/include -MMD -MP -MF"src/helloworld.d" -MT"src/helloworld.o" -o "src/helloworld.o" "../src/helloworld.c"
'Finished building: ../src/helloworld.c'
' '
'Building file: ../src/platform.c'
'Invoking: ARM v7 gcc compiler'
arm-none-eabi-gcc -Wall -O0 -g3 -c -fmessage-length=0 -MT"src/platform.o" -mcpu=cortex-a9 -mfpu=vfpv3 -mfloat-abi=hard -IC:/Users/pala8831/Documents/fpga_multiplexing/zturn_base_project/vitis_project_platform/export/vitis_project_platform/sw/vitis_project_platform/standalone_domain/bspinclude/include -MMD -MP -MF"src/platform.d" -MT"src/platform.o" -o "src/platform.o" "../src/platform.c"
'Finished building: ../src/platform.c'
' '
'Building target: hellowordinfinity.elf'
'Invoking: ARM v7 gcc linker'
arm-none-eabi-gcc -mcpu=cortex-a9 -mfpu=vfpv3 -mfloat-abi=hard -Wl,-build-id=none -specs=Xilinx.spec -Wl,-T -Wl,../src/lscript.ld -LC:/Users/pala8831/Documents/fpga_multiplexing/zturn_base_project/vitis_project_platform/export/vitis_project_platform/sw/vitis_project_platform/standalone_domain/bsplib/lib -o "hellowordinfinity.elf"  ./src/helloworld.o ./src/platform.o   -Wl,--start-group,-lxil,-lgcc,-lc,--end-group
'Finished building target: hellowordinfinity.elf'
' '
'Invoking: ARM v7 Print Size'
arm-none-eabi-size hellowordinfinity.elf  |tee "hellowordinfinity.elf.size"
   text	   data	    bss	    dec	    hex	filename
  19068	   1144	  22568	  42780	   a71c	hellowordinfinity.elf
'Finished building: hellowordinfinity.elf.size'
' '

17:05:22 Build Finished (took 2s.898ms)

